Analyzing ml...                                                 

  error - Too many positional arguments: 1 expected, but 2 found - lib\screens\admin\admin_dashboard.dart:31:69 - extra_positional_arguments
  error - The name 'FetchOptions' isn't a class - lib\screens\admin\admin_dashboard.dart:31:75 - creation_with_non_type
  error - Undefined name 'CountOption' - lib\screens\admin\admin_dashboard.dart:31:95 - undefined_identifier
  error - Too many positional arguments: 1 expected, but 2 found - lib\screens\admin\admin_dashboard.dart:32:69 - extra_positional_arguments
  error - The name 'FetchOptions' isn't a class - lib\screens\admin\admin_dashboard.dart:32:75 - creation_with_non_type
  error - Undefined name 'CountOption' - lib\screens\admin\admin_dashboard.dart:32:95 - undefined_identifier
  error - Too many positional arguments: 1 expected, but 2 found - lib\screens\admin\admin_dashboard.dart:33:64 - extra_positional_arguments
  error - The name 'FetchOptions' isn't a class - lib\screens\admin\admin_dashboard.dart:33:70 - creation_with_non_type
  error - Undefined name 'CountOption' - lib\screens\admin\admin_dashboard.dart:33:90 - undefined_identifier
   info - 'withOpacity' is deprecated and shouldn't be used. Use .withValues() to avoid precision loss - lib\screens\admin\admin_dashboard.dart:121:41 - deprecated_member_use
   info - 'withOpacity' is deprecated and shouldn't be used. Use .withValues() to avoid precision loss - lib\screens\admin\analytics_screen.dart:34:38 - deprecated_member_use
   info - Don't use 'BuildContext's across async gaps - lib\screens\admin\lawyer_management_screen.dart:113:28 - use_build_context_synchronously
   info - Don't use 'BuildContext's across async gaps - lib\screens\admin\lawyer_management_screen.dart:169:31 - use_build_context_synchronously
   info - Don't use 'BuildContext's across async gaps - lib\screens\admin\lawyer_management_screen.dart:172:38 - use_build_context_synchronously
   info - 'withOpacity' is deprecated and shouldn't be used. Use .withValues() to avoid precision loss - lib\screens\auth\landing_screen.dart:92:31 - deprecated_member_use
   info - 'withOpacity' is deprecated and shouldn't be used. Use .withValues() to avoid precision loss - lib\screens\client\case_tracking_screen.dart:67:38 - deprecated_member_use
warning - Unused import: '../../utils/security_utils.dart' - lib\screens\lawyer\document_upload_screen.dart:4:8 - unused_import
   info - 'activeColor' is deprecated and shouldn't be used. Use activeThumbColor instead. This feature was deprecated after v3.31.0-2.0.pre - lib\screens\lawyer\document_upload_screen.dart:74:15 - deprecated_member_use

18 issues found. (ran in 2.4s)
